[dotenv@17.3.1] injecting env (7) from .env -- tip: 🛠️  run anywhere with `dotenvx run -- yourcommand`
Server is running on port http://localhost:3000
[dotenv@17.3.1] injecting env (7) from .env -- tip: ⚙️  specify custom .env file path with { path: '/custom/path/.env' }
Server is running on port http://localhost:3000
[dotenv@17.3.1] injecting env (7) from .env -- tip: 🛠️  run anywhere with `dotenvx run -- yourcommand`
Server is running on port http://localhost:3000
[dotenv@17.3.1] injecting env (7) from .env -- tip: ⚙️  override existing env vars with { override: true }
Server is running on port http://localhost:3000
[dotenv@17.3.1] injecting env (7) from .env -- tip: ⚙️  suppress all logs with { quiet: true }
Server is running on port http://localhost:3000
[dotenv@17.3.1] injecting env (7) from .env -- tip: 🔐 prevent committing .env to code: https://dotenvx.com/precommit
Server is running on port http://localhost:3000
[dotenv@17.3.1] injecting env (7) from .env -- tip: ⚙️  override existing env vars with { override: true }
Server is running on port http://localhost:3000
[dotenv@17.3.1] injecting env (7) from .env -- tip: ⚙️  suppress all logs with { quiet: true }
Server is running on port http://localhost:3000
[dotenv@17.3.1] injecting env (7) from .env -- tip: ⚙️  load multiple .env files with { path: ['.env.local', '.env'] }
Server is running on port http://localhost:3000
[dotenv@17.3.1] injecting env (7) from .env -- tip: ⚙️  enable debug logging with { debug: true }
Server is running on port http://localhost:3000
[dotenv@17.3.1] injecting env (7) from .env -- tip: ⚙️  suppress all logs with { quiet: true }
Server is running on port http://localhost:3000
[dotenv@17.3.1] injecting env (7) from .env -- tip: 🔐 prevent committing .env to code: https://dotenvx.com/precommit
Server is running on port http://localhost:3000
[dotenv@17.3.1] injecting env (7) from .env -- tip: 🔐 prevent committing .env to code: https://dotenvx.com/precommit
Server is running on port http://localhost:3000
[dotenv@17.3.1] injecting env (7) from .env -- tip: ⚙️  load multiple .env files with { path: ['.env.local', '.env'] }
Server is running on port http://localhost:3000
[dotenv@17.3.1] injecting env (7) from .env -- tip: 🔐 prevent building .env in docker: https://dotenvx.com/prebuild
Server is running on port http://localhost:3000
Upload request received
Saving new image URL: /uploads/1778747085878-819376104.png
[dotenv@17.3.1] injecting env (7) from .env -- tip: 🛡️ auth for agents: https://vestauth.com
Server is running on port http://localhost:3000
[dotenv@17.3.1] injecting env (7) from .env -- tip: 🤖 agentic secret storage: https://dotenvx.com/as2
Server is running on port http://localhost:3000
[dotenv@17.3.1] injecting env (7) from .env -- tip: ⚙️  enable debug logging with { debug: true }
Server is running on port http://localhost:3000
[dotenv@17.3.1] injecting env (7) from .env -- tip: ⚙️  enable debug logging with { debug: true }
Server is running on port http://localhost:3000
[dotenv@17.3.1] injecting env (7) from .env -- tip: ⚙️  enable debug logging with { debug: true }
Server is running on port http://localhost:3000
[dotenv@17.3.1] injecting env (7) from .env -- tip: ⚙️  write to custom object with { processEnv: myObject }
Server is running on port http://localhost:3000
[dotenv@17.3.1] injecting env (7) from .env -- tip: 🔐 prevent building .env in docker: https://dotenvx.com/prebuild
Server is running on port http://localhost:3000
[dotenv@17.3.1] injecting env (7) from .env -- tip: 🤖 agentic secret storage: https://dotenvx.com/as2
Server is running on port http://localhost:3000
[dotenv@17.3.1] injecting env (7) from .env -- tip: ⚙️  suppress all logs with { quiet: true }
Server is running on port http://localhost:3000
[dotenv@17.3.1] injecting env (7) from .env -- tip: 🔐 prevent building .env in docker: https://dotenvx.com/prebuild
Server is running on port http://localhost:3000
[dotenv@17.3.1] injecting env (7) from .env -- tip: 🤖 agentic secret storage: https://dotenvx.com/as2
Server is running on port http://localhost:3000
[dotenv@17.3.1] injecting env (7) from .env -- tip: 🔐 prevent building .env in docker: https://dotenvx.com/prebuild
Server is running on port http://localhost:3000
[dotenv@17.3.1] injecting env (7) from .env -- tip: ⚙️  load multiple .env files with { path: ['.env.local', '.env'] }
Server is running on port http://localhost:3000
[dotenv@17.3.1] injecting env (7) from .env -- tip: 🛠️  run anywhere with `dotenvx run -- yourcommand`
Server is running on port http://localhost:3000
[dotenv@17.3.1] injecting env (7) from .env -- tip: ⚙️  specify custom .env file path with { path: '/custom/path/.env' }
Server is running on port http://localhost:3000
[dotenv@17.3.1] injecting env (7) from .env -- tip: 🔐 prevent building .env in docker: https://dotenvx.com/prebuild
Server is running on port http://localhost:3000
[dotenv@17.3.1] injecting env (7) from .env -- tip: ⚡️ secrets for agents: https://dotenvx.com/as2
Server is running on port http://localhost:3000
[dotenv@17.3.1] injecting env (7) from .env -- tip: 🔐 encrypt with Dotenvx: https://dotenvx.com
Server is running on port http://localhost:3000
[dotenv@17.3.1] injecting env (7) from .env -- tip: ⚙️  override existing env vars with { override: true }
Server is running on port http://localhost:3000
[dotenv@17.3.1] injecting env (7) from .env -- tip: 🔐 encrypt with Dotenvx: https://dotenvx.com
Server is running on port http://localhost:3000
[dotenv@17.3.1] injecting env (7) from .env -- tip: 🛡️ auth for agents: https://vestauth.com
Server is running on port http://localhost:3000
[dotenv@17.3.1] injecting env (7) from .env -- tip: ⚙️  write to custom object with { processEnv: myObject }
Server is running on port http://localhost:3000
[dotenv@17.3.1] injecting env (7) from .env -- tip: ⚙️  load multiple .env files with { path: ['.env.local', '.env'] }
Server is running on port http://localhost:3000
[dotenv@17.3.1] injecting env (7) from .env -- tip: 🛡️ auth for agents: https://vestauth.com
Server is running on port http://localhost:3000
[dotenv@17.3.1] injecting env (7) from .env -- tip: ⚙️  specify custom .env file path with { path: '/custom/path/.env' }
Server is running on port http://localhost:3000
[dotenv@17.3.1] injecting env (7) from .env -- tip: ⚙️  suppress all logs with { quiet: true }
Server is running on port http://localhost:3000
[dotenv@17.3.1] injecting env (7) from .env -- tip: ⚙️  load multiple .env files with { path: ['.env.local', '.env'] }
Server is running on port http://localhost:3000
[dotenv@17.3.1] injecting env (7) from .env -- tip: 🤖 agentic secret storage: https://dotenvx.com/as2
Server is running on port http://localhost:3000
[dotenv@17.3.1] injecting env (7) from .env -- tip: 🔐 prevent committing .env to code: https://dotenvx.com/precommit
Server is running on port http://localhost:3000
[dotenv@17.3.1] injecting env (7) from .env -- tip: 🔐 prevent building .env in docker: https://dotenvx.com/prebuild
Server is running on port http://localhost:3000
[dotenv@17.3.1] injecting env (7) from .env -- tip: 🛡️ auth for agents: https://vestauth.com
Server is running on port http://localhost:3000
[dotenv@17.3.1] injecting env (7) from .env -- tip: 🔐 prevent committing .env to code: https://dotenvx.com/precommit
Server is running on port http://localhost:3000
[dotenv@17.3.1] injecting env (7) from .env -- tip: 🔐 prevent building .env in docker: https://dotenvx.com/prebuild
Server is running on port http://localhost:3000
